Archive member included to satisfy reference by file (symbol)

c:/nxp/lpcxpresso_8.2.2_650/lpcxpresso/tools/bin/../lib/gcc/arm-none-eabi/5.4.1/../../../../arm-none-eabi/lib/armv6-m\libcr_c.a(__weak__main.o)
                              ./startup/cr_startup_lpc11.o (__main)
c:/nxp/lpcxpresso_8.2.2_650/lpcxpresso/tools/bin/../lib/gcc/arm-none-eabi/5.4.1/armv6-m\libcr_eabihelpers.a(division_32.o)
                              ./driver/ADC.o (__aeabi_uidiv)
c:/nxp/lpcxpresso_8.2.2_650/lpcxpresso/tools/bin/../lib/gcc/arm-none-eabi/5.4.1/armv6-m\libcr_eabihelpers.a(division_idiv0.o)
                              c:/nxp/lpcxpresso_8.2.2_650/lpcxpresso/tools/bin/../lib/gcc/arm-none-eabi/5.4.1/armv6-m\libcr_eabihelpers.a(division_32.o) (__aeabi_idiv0)
c:/nxp/lpcxpresso_8.2.2_650/lpcxpresso/tools/bin/../lib/gcc/arm-none-eabi/5.4.1/armv6-m\libcr_eabihelpers.a(double.o)
                              ./driver/Lights.o (__aeabi_dmul)
c:/nxp/lpcxpresso_8.2.2_650/lpcxpresso/tools/bin/../lib/gcc/arm-none-eabi/5.4.1/armv6-m\libcr_eabihelpers.a(llong.o)
                              c:/nxp/lpcxpresso_8.2.2_650/lpcxpresso/tools/bin/../lib/gcc/arm-none-eabi/5.4.1/armv6-m\libcr_eabihelpers.a(double.o) (__aeabi_lmul)

Allocating common symbols
Common symbol       size              file

LightStatus         0x4               ./driver/Lights.o
LightLevel          0x4               ./driver/Lights.o
ADCValue            0x20              ./driver/ADC.o

Discarded input sections

 .group         0x00000000        0x8 ./startup/cr_startup_lpc11.o
 .group         0x00000000        0x8 ./startup/cr_startup_lpc11.o
 .group         0x00000000        0x8 ./startup/cr_startup_lpc11.o
 .group         0x00000000        0x8 ./startup/cr_startup_lpc11.o
 .group         0x00000000        0x8 ./startup/cr_startup_lpc11.o
 .text          0x00000000        0x0 ./startup/cr_startup_lpc11.o
 .data          0x00000000        0x0 ./startup/cr_startup_lpc11.o
 .bss           0x00000000        0x0 ./startup/cr_startup_lpc11.o
 .group         0x00000000        0x8 ./src/main.o
 .group         0x00000000        0x8 ./src/main.o
 .group         0x00000000        0x8 ./src/main.o
 .group         0x00000000        0x8 ./src/main.o
 .group         0x00000000        0x8 ./src/main.o
 .group         0x00000000        0x8 ./src/main.o
 .group         0x00000000        0x8 ./src/main.o
 .group         0x00000000        0x8 ./src/main.o
 .group         0x00000000        0x8 ./src/main.o
 .group         0x00000000        0x8 ./src/main.o
 .group         0x00000000        0x8 ./src/main.o
 .group         0x00000000        0x8 ./src/main.o
 .group         0x00000000        0x8 ./src/main.o
 .group         0x00000000        0x8 ./src/main.o
 .group         0x00000000        0x8 ./src/main.o
 .text          0x00000000        0x0 ./src/main.o
 .data          0x00000000        0x0 ./src/main.o
 .bss           0x00000000        0x0 ./src/main.o
 .debug_macro   0x00000000      0x844 ./src/main.o
 .debug_macro   0x00000000       0x10 ./src/main.o
 .debug_macro   0x00000000      0x12d ./src/main.o
 .debug_macro   0x00000000      0x5b2 ./src/main.o
 .group         0x00000000        0x8 ./driver/ADC.o
 .group         0x00000000        0x8 ./driver/ADC.o
 .group         0x00000000        0x8 ./driver/ADC.o
 .group         0x00000000        0x8 ./driver/ADC.o
 .group         0x00000000        0x8 ./driver/ADC.o
 .group         0x00000000        0x8 ./driver/ADC.o
 .group         0x00000000        0x8 ./driver/ADC.o
 .group         0x00000000        0x8 ./driver/ADC.o
 .group         0x00000000        0x8 ./driver/ADC.o
 .group         0x00000000        0x8 ./driver/ADC.o
 .group         0x00000000        0x8 ./driver/ADC.o
 .group         0x00000000        0x8 ./driver/ADC.o
 .text          0x00000000        0x0 ./driver/ADC.o
 .data          0x00000000        0x0 ./driver/ADC.o
 .bss           0x00000000        0x0 ./driver/ADC.o
 .debug_macro   0x00000000      0x844 ./driver/ADC.o
 .debug_macro   0x00000000       0x1c ./driver/ADC.o
 .debug_macro   0x00000000       0x22 ./driver/ADC.o
 .debug_macro   0x00000000       0x10 ./driver/ADC.o
 .debug_macro   0x00000000      0x12d ./driver/ADC.o
 .debug_macro   0x00000000      0x5b2 ./driver/ADC.o
 .debug_macro   0x00000000      0x37a ./driver/ADC.o
 .debug_macro   0x00000000       0x8d ./driver/ADC.o
 .debug_macro   0x00000000      0x123 ./driver/ADC.o
 .debug_macro   0x00000000       0x34 ./driver/ADC.o
 .debug_macro   0x00000000       0x3a ./driver/ADC.o
 .debug_macro   0x00000000       0x2e ./driver/ADC.o
 .group         0x00000000        0x8 ./driver/Lights.o
 .group         0x00000000        0x8 ./driver/Lights.o
 .group         0x00000000        0x8 ./driver/Lights.o
 .group         0x00000000        0x8 ./driver/Lights.o
 .group         0x00000000        0x8 ./driver/Lights.o
 .group         0x00000000        0x8 ./driver/Lights.o
 .group         0x00000000        0x8 ./driver/Lights.o
 .group         0x00000000        0x8 ./driver/Lights.o
 .group         0x00000000        0x8 ./driver/Lights.o
 .group         0x00000000        0x8 ./driver/Lights.o
 .group         0x00000000        0x8 ./driver/Lights.o
 .group         0x00000000        0x8 ./driver/Lights.o
 .text          0x00000000        0x0 ./driver/Lights.o
 .data          0x00000000        0x0 ./driver/Lights.o
 .bss           0x00000000        0x0 ./driver/Lights.o
 .debug_macro   0x00000000      0x844 ./driver/Lights.o
 .debug_macro   0x00000000       0x1c ./driver/Lights.o
 .debug_macro   0x00000000       0x22 ./driver/Lights.o
 .debug_macro   0x00000000       0x10 ./driver/Lights.o
 .debug_macro   0x00000000      0x12d ./driver/Lights.o
 .debug_macro   0x00000000      0x5b2 ./driver/Lights.o
 .debug_macro   0x00000000      0x37a ./driver/Lights.o
 .debug_macro   0x00000000       0x8d ./driver/Lights.o
 .debug_macro   0x00000000      0x123 ./driver/Lights.o
 .debug_macro   0x00000000       0x34 ./driver/Lights.o
 .debug_macro   0x00000000       0x3a ./driver/Lights.o
 .debug_macro   0x00000000       0x2e ./driver/Lights.o
 .group         0x00000000        0x8 ./driver/PWM.o
 .group         0x00000000        0x8 ./driver/PWM.o
 .group         0x00000000        0x8 ./driver/PWM.o
 .group         0x00000000        0x8 ./driver/PWM.o
 .group         0x00000000        0x8 ./driver/PWM.o
 .group         0x00000000        0x8 ./driver/PWM.o
 .group         0x00000000        0x8 ./driver/PWM.o
 .group         0x00000000        0x8 ./driver/PWM.o
 .group         0x00000000        0x8 ./driver/PWM.o
 .group         0x00000000        0x8 ./driver/PWM.o
 .group         0x00000000        0x8 ./driver/PWM.o
 .group         0x00000000        0x8 ./driver/PWM.o
 .text          0x00000000        0x0 ./driver/PWM.o
 .data          0x00000000        0x0 ./driver/PWM.o
 .bss           0x00000000        0x0 ./driver/PWM.o
 .text.PWM_start
                0x00000000        0xc ./driver/PWM.o
 .debug_macro   0x00000000      0x844 ./driver/PWM.o
 .debug_macro   0x00000000       0x1c ./driver/PWM.o
 .debug_macro   0x00000000       0x22 ./driver/PWM.o
 .debug_macro   0x00000000       0x10 ./driver/PWM.o
 .debug_macro   0x00000000      0x12d ./driver/PWM.o
 .debug_macro   0x00000000      0x5b2 ./driver/PWM.o
 .debug_macro   0x00000000      0x37a ./driver/PWM.o
 .debug_macro   0x00000000       0x8d ./driver/PWM.o
 .debug_macro   0x00000000      0x123 ./driver/PWM.o
 .debug_macro   0x00000000       0x34 ./driver/PWM.o
 .debug_macro   0x00000000       0x3a ./driver/PWM.o
 .debug_macro   0x00000000       0x2e ./driver/PWM.o
 .group         0x00000000        0x8 ./driver/localInput.o
 .group         0x00000000        0x8 ./driver/localInput.o
 .group         0x00000000        0x8 ./driver/localInput.o
 .group         0x00000000        0x8 ./driver/localInput.o
 .group         0x00000000        0x8 ./driver/localInput.o
 .group         0x00000000        0x8 ./driver/localInput.o
 .group         0x00000000        0x8 ./driver/localInput.o
 .group         0x00000000        0x8 ./driver/localInput.o
 .group         0x00000000        0x8 ./driver/localInput.o
 .group         0x00000000        0x8 ./driver/localInput.o
 .group         0x00000000        0x8 ./driver/localInput.o
 .group         0x00000000        0x8 ./driver/localInput.o
 .group         0x00000000        0x8 ./driver/localInput.o
 .text          0x00000000        0x0 ./driver/localInput.o
 .data          0x00000000        0x0 ./driver/localInput.o
 .bss           0x00000000        0x0 ./driver/localInput.o
 .debug_macro   0x00000000      0x844 ./driver/localInput.o
 .debug_macro   0x00000000       0x1c ./driver/localInput.o
 .debug_macro   0x00000000       0x22 ./driver/localInput.o
 .debug_macro   0x00000000       0x10 ./driver/localInput.o
 .debug_macro   0x00000000      0x12d ./driver/localInput.o
 .debug_macro   0x00000000      0x5b2 ./driver/localInput.o
 .debug_macro   0x00000000      0x37a ./driver/localInput.o
 .debug_macro   0x00000000       0x8d ./driver/localInput.o
 .debug_macro   0x00000000      0x123 ./driver/localInput.o
 .debug_macro   0x00000000       0x34 ./driver/localInput.o
 .debug_macro   0x00000000       0x22 ./driver/localInput.o
 .debug_macro   0x00000000       0x3a ./driver/localInput.o
 .debug_macro   0x00000000       0x2e ./driver/localInput.o
 .group         0x00000000        0x8 ./cmsis/core_cm0.o
 .group         0x00000000        0x8 ./cmsis/core_cm0.o
 .group         0x00000000        0x8 ./cmsis/core_cm0.o
 .group         0x00000000        0x8 ./cmsis/core_cm0.o
 .text          0x00000000        0x0 ./cmsis/core_cm0.o
 .data          0x00000000        0x0 ./cmsis/core_cm0.o
 .bss           0x00000000        0x0 ./cmsis/core_cm0.o
 .text.__get_PSP
                0x00000000        0x8 ./cmsis/core_cm0.o
 .text.__set_PSP
                0x00000000        0x6 ./cmsis/core_cm0.o
 .text.__get_MSP
                0x00000000        0x8 ./cmsis/core_cm0.o
 .text.__set_MSP
                0x00000000        0x6 ./cmsis/core_cm0.o
 .text.__get_PRIMASK
                0x00000000        0x6 ./cmsis/core_cm0.o
 .text.__set_PRIMASK
                0x00000000        0x6 ./cmsis/core_cm0.o
 .text.__get_CONTROL
                0x00000000        0x6 ./cmsis/core_cm0.o
 .text.__set_CONTROL
                0x00000000        0x6 ./cmsis/core_cm0.o
 .text.__REV    0x00000000        0x4 ./cmsis/core_cm0.o
 .text.__REV16  0x00000000        0x4 ./cmsis/core_cm0.o
 .text.__REVSH  0x00000000        0x4 ./cmsis/core_cm0.o
 .debug_info    0x00000000      0x289 ./cmsis/core_cm0.o
 .debug_abbrev  0x00000000       0xb7 ./cmsis/core_cm0.o
 .debug_loc     0x00000000      0x13c ./cmsis/core_cm0.o
 .debug_aranges
                0x00000000       0x70 ./cmsis/core_cm0.o
 .debug_ranges  0x00000000       0x60 ./cmsis/core_cm0.o
 .debug_macro   0x00000000       0x48 ./cmsis/core_cm0.o
 .debug_macro   0x00000000      0x844 ./cmsis/core_cm0.o
 .debug_macro   0x00000000       0x10 ./cmsis/core_cm0.o
 .debug_macro   0x00000000      0x12d ./cmsis/core_cm0.o
 .debug_macro   0x00000000      0x5b2 ./cmsis/core_cm0.o
 .debug_line    0x00000000      0x1c0 ./cmsis/core_cm0.o
 .debug_str     0x00000000     0x3bd7 ./cmsis/core_cm0.o
 .comment       0x00000000       0x6f ./cmsis/core_cm0.o
 .debug_frame   0x00000000       0xc0 ./cmsis/core_cm0.o
 .ARM.attributes
                0x00000000       0x31 ./cmsis/core_cm0.o
 .group         0x00000000        0x8 ./cmsis/system_LPC11xx.o
 .group         0x00000000        0x8 ./cmsis/system_LPC11xx.o
 .group         0x00000000        0x8 ./cmsis/system_LPC11xx.o
 .group         0x00000000        0x8 ./cmsis/system_LPC11xx.o
 .group         0x00000000        0x8 ./cmsis/system_LPC11xx.o
 .group         0x00000000        0x8 ./cmsis/system_LPC11xx.o
 .group         0x00000000        0x8 ./cmsis/system_LPC11xx.o
 .group         0x00000000        0x8 ./cmsis/system_LPC11xx.o
 .text          0x00000000        0x0 ./cmsis/system_LPC11xx.o
 .data          0x00000000        0x0 ./cmsis/system_LPC11xx.o
 .bss           0x00000000        0x0 ./cmsis/system_LPC11xx.o
 .debug_macro   0x00000000      0x844 ./cmsis/system_LPC11xx.o
 .debug_macro   0x00000000       0x10 ./cmsis/system_LPC11xx.o
 .debug_macro   0x00000000      0x12d ./cmsis/system_LPC11xx.o
 .debug_macro   0x00000000      0x5b2 ./cmsis/system_LPC11xx.o
 .debug_macro   0x00000000       0x1c ./cmsis/system_LPC11xx.o
 .debug_macro   0x00000000      0x123 ./cmsis/system_LPC11xx.o
 .text          0x00000000        0x0 c:/nxp/lpcxpresso_8.2.2_650/lpcxpresso/tools/bin/../lib/gcc/arm-none-eabi/5.4.1/../../../../arm-none-eabi/lib/armv6-m\libcr_c.a(__weak__main.o)
 .data          0x00000000        0x0 c:/nxp/lpcxpresso_8.2.2_650/lpcxpresso/tools/bin/../lib/gcc/arm-none-eabi/5.4.1/../../../../arm-none-eabi/lib/armv6-m\libcr_c.a(__weak__main.o)
 .bss           0x00000000        0x0 c:/nxp/lpcxpresso_8.2.2_650/lpcxpresso/tools/bin/../lib/gcc/arm-none-eabi/5.4.1/../../../../arm-none-eabi/lib/armv6-m\libcr_c.a(__weak__main.o)
 .text          0x00000000        0x0 c:/nxp/lpcxpresso_8.2.2_650/lpcxpresso/tools/bin/../lib/gcc/arm-none-eabi/5.4.1/armv6-m\libcr_eabihelpers.a(division_32.o)
 .data          0x00000000        0x0 c:/nxp/lpcxpresso_8.2.2_650/lpcxpresso/tools/bin/../lib/gcc/arm-none-eabi/5.4.1/armv6-m\libcr_eabihelpers.a(division_32.o)
 .bss           0x00000000        0x0 c:/nxp/lpcxpresso_8.2.2_650/lpcxpresso/tools/bin/../lib/gcc/arm-none-eabi/5.4.1/armv6-m\libcr_eabihelpers.a(division_32.o)
 .text          0x00000000        0x0 c:/nxp/lpcxpresso_8.2.2_650/lpcxpresso/tools/bin/../lib/gcc/arm-none-eabi/5.4.1/armv6-m\libcr_eabihelpers.a(division_idiv0.o)
 .data          0x00000000        0x0 c:/nxp/lpcxpresso_8.2.2_650/lpcxpresso/tools/bin/../lib/gcc/arm-none-eabi/5.4.1/armv6-m\libcr_eabihelpers.a(division_idiv0.o)
 .bss           0x00000000        0x0 c:/nxp/lpcxpresso_8.2.2_650/lpcxpresso/tools/bin/../lib/gcc/arm-none-eabi/5.4.1/armv6-m\libcr_eabihelpers.a(division_idiv0.o)
 .text          0x00000000        0x0 c:/nxp/lpcxpresso_8.2.2_650/lpcxpresso/tools/bin/../lib/gcc/arm-none-eabi/5.4.1/armv6-m\libcr_eabihelpers.a(double.o)
 .data          0x00000000        0x0 c:/nxp/lpcxpresso_8.2.2_650/lpcxpresso/tools/bin/../lib/gcc/arm-none-eabi/5.4.1/armv6-m\libcr_eabihelpers.a(double.o)
 .bss           0x00000000        0x0 c:/nxp/lpcxpresso_8.2.2_650/lpcxpresso/tools/bin/../lib/gcc/arm-none-eabi/5.4.1/armv6-m\libcr_eabihelpers.a(double.o)
 .text.__aeabi_ddiv
                0x00000000      0x14c c:/nxp/lpcxpresso_8.2.2_650/lpcxpresso/tools/bin/../lib/gcc/arm-none-eabi/5.4.1/armv6-m\libcr_eabihelpers.a(double.o)
 .text.__aeabi_dsub
                0x00000000      0x1c8 c:/nxp/lpcxpresso_8.2.2_650/lpcxpresso/tools/bin/../lib/gcc/arm-none-eabi/5.4.1/armv6-m\libcr_eabihelpers.a(double.o)
 .text.__aeabi_dadd
                0x00000000      0x130 c:/nxp/lpcxpresso_8.2.2_650/lpcxpresso/tools/bin/../lib/gcc/arm-none-eabi/5.4.1/armv6-m\libcr_eabihelpers.a(double.o)
 .text.__aeabi_drsub
                0x00000000       0x18 c:/nxp/lpcxpresso_8.2.2_650/lpcxpresso/tools/bin/../lib/gcc/arm-none-eabi/5.4.1/armv6-m\libcr_eabihelpers.a(double.o)
 .text.__aeabi_dneg
                0x00000000        0xc c:/nxp/lpcxpresso_8.2.2_650/lpcxpresso/tools/bin/../lib/gcc/arm-none-eabi/5.4.1/armv6-m\libcr_eabihelpers.a(double.o)
 .text.__aeabi_d2f
                0x00000000       0x64 c:/nxp/lpcxpresso_8.2.2_650/lpcxpresso/tools/bin/../lib/gcc/arm-none-eabi/5.4.1/armv6-m\libcr_eabihelpers.a(double.o)
 .text.__aeabi_d2iz
                0x00000000       0x44 c:/nxp/lpcxpresso_8.2.2_650/lpcxpresso/tools/bin/../lib/gcc/arm-none-eabi/5.4.1/armv6-m\libcr_eabihelpers.a(double.o)
 .text.__aeabi_d2lz
                0x00000000       0x78 c:/nxp/lpcxpresso_8.2.2_650/lpcxpresso/tools/bin/../lib/gcc/arm-none-eabi/5.4.1/armv6-m\libcr_eabihelpers.a(double.o)
 .text.__aeabi_d2ulz
                0x00000000       0x58 c:/nxp/lpcxpresso_8.2.2_650/lpcxpresso/tools/bin/../lib/gcc/arm-none-eabi/5.4.1/armv6-m\libcr_eabihelpers.a(double.o)
 .text.__bhs_ul2d
                0x00000000       0xb4 c:/nxp/lpcxpresso_8.2.2_650/lpcxpresso/tools/bin/../lib/gcc/arm-none-eabi/5.4.1/armv6-m\libcr_eabihelpers.a(double.o)
 .text.__aeabi_i2d
                0x00000000       0x16 c:/nxp/lpcxpresso_8.2.2_650/lpcxpresso/tools/bin/../lib/gcc/arm-none-eabi/5.4.1/armv6-m\libcr_eabihelpers.a(double.o)
 .text.__aeabi_l2d
                0x00000000       0x20 c:/nxp/lpcxpresso_8.2.2_650/lpcxpresso/tools/bin/../lib/gcc/arm-none-eabi/5.4.1/armv6-m\libcr_eabihelpers.a(double.o)
 .text.__aeabi_ul2d
                0x00000000        0xc c:/nxp/lpcxpresso_8.2.2_650/lpcxpresso/tools/bin/../lib/gcc/arm-none-eabi/5.4.1/armv6-m\libcr_eabihelpers.a(double.o)
 .text.__aeabi_dcmpeq
                0x00000000       0x30 c:/nxp/lpcxpresso_8.2.2_650/lpcxpresso/tools/bin/../lib/gcc/arm-none-eabi/5.4.1/armv6-m\libcr_eabihelpers.a(double.o)
 .text.__aeabi_dcmplt
                0x00000000       0x5c c:/nxp/lpcxpresso_8.2.2_650/lpcxpresso/tools/bin/../lib/gcc/arm-none-eabi/5.4.1/armv6-m\libcr_eabihelpers.a(double.o)
 .text.__aeabi_dcmpgt
                0x00000000       0x5c c:/nxp/lpcxpresso_8.2.2_650/lpcxpresso/tools/bin/../lib/gcc/arm-none-eabi/5.4.1/armv6-m\libcr_eabihelpers.a(double.o)
 .text.__aeabi_dcmple
                0x00000000       0x5c c:/nxp/lpcxpresso_8.2.2_650/lpcxpresso/tools/bin/../lib/gcc/arm-none-eabi/5.4.1/armv6-m\libcr_eabihelpers.a(double.o)
 .text.__aeabi_dcmpge
                0x00000000       0x60 c:/nxp/lpcxpresso_8.2.2_650/lpcxpresso/tools/bin/../lib/gcc/arm-none-eabi/5.4.1/armv6-m\libcr_eabihelpers.a(double.o)
 .text.__aeabi_dcmpun
                0x00000000       0x18 c:/nxp/lpcxpresso_8.2.2_650/lpcxpresso/tools/bin/../lib/gcc/arm-none-eabi/5.4.1/armv6-m\libcr_eabihelpers.a(double.o)
 .text.__aeabi_cdcmple
                0x00000000       0x2e c:/nxp/lpcxpresso_8.2.2_650/lpcxpresso/tools/bin/../lib/gcc/arm-none-eabi/5.4.1/armv6-m\libcr_eabihelpers.a(double.o)
 .text.__aeabi_cdrcmple
                0x00000000       0x14 c:/nxp/lpcxpresso_8.2.2_650/lpcxpresso/tools/bin/../lib/gcc/arm-none-eabi/5.4.1/armv6-m\libcr_eabihelpers.a(double.o)
 .text          0x00000000        0x0 c:/nxp/lpcxpresso_8.2.2_650/lpcxpresso/tools/bin/../lib/gcc/arm-none-eabi/5.4.1/armv6-m\libcr_eabihelpers.a(llong.o)
 .data          0x00000000        0x0 c:/nxp/lpcxpresso_8.2.2_650/lpcxpresso/tools/bin/../lib/gcc/arm-none-eabi/5.4.1/armv6-m\libcr_eabihelpers.a(llong.o)
 .bss           0x00000000        0x0 c:/nxp/lpcxpresso_8.2.2_650/lpcxpresso/tools/bin/../lib/gcc/arm-none-eabi/5.4.1/armv6-m\libcr_eabihelpers.a(llong.o)
 .text.__aeabi_llong_llsl
                0x00000000       0x18 c:/nxp/lpcxpresso_8.2.2_650/lpcxpresso/tools/bin/../lib/gcc/arm-none-eabi/5.4.1/armv6-m\libcr_eabihelpers.a(llong.o)
 .text.__aeabi_llong_llsr
                0x00000000       0x18 c:/nxp/lpcxpresso_8.2.2_650/lpcxpresso/tools/bin/../lib/gcc/arm-none-eabi/5.4.1/armv6-m\libcr_eabihelpers.a(llong.o)
 .text.__aeabi_llong_lasr
                0x00000000       0x18 c:/nxp/lpcxpresso_8.2.2_650/lpcxpresso/tools/bin/../lib/gcc/arm-none-eabi/5.4.1/armv6-m\libcr_eabihelpers.a(llong.o)
 .text.__aeabi_llong_lcmp
                0x00000000       0x14 c:/nxp/lpcxpresso_8.2.2_650/lpcxpresso/tools/bin/../lib/gcc/arm-none-eabi/5.4.1/armv6-m\libcr_eabihelpers.a(llong.o)
 .text.__aeabi_llong_ulcmp
                0x00000000       0x10 c:/nxp/lpcxpresso_8.2.2_650/lpcxpresso/tools/bin/../lib/gcc/arm-none-eabi/5.4.1/armv6-m\libcr_eabihelpers.a(llong.o)

Memory Configuration

Name             Origin             Length             Attributes
MFlash32         0x00000000         0x00008000         xr
RamLoc8          0x10000000         0x00002000         xrw
*default*        0x00000000         0xffffffff

Linker script and memory map

LOAD ./startup/cr_startup_lpc11.o
LOAD ./src/main.o
LOAD ./driver/ADC.o
LOAD ./driver/Lights.o
LOAD ./driver/PWM.o
LOAD ./driver/localInput.o
LOAD ./cmsis/core_cm0.o
LOAD ./cmsis/system_LPC11xx.o
START GROUP
LOAD c:/nxp/lpcxpresso_8.2.2_650/lpcxpresso/tools/bin/../lib/gcc/arm-none-eabi/5.4.1/../../../../arm-none-eabi/lib/armv6-m\libcr_c.a
LOAD c:/nxp/lpcxpresso_8.2.2_650/lpcxpresso/tools/bin/../lib/gcc/arm-none-eabi/5.4.1/../../../../arm-none-eabi/lib/armv6-m\libcr_semihost.a
LOAD c:/nxp/lpcxpresso_8.2.2_650/lpcxpresso/tools/bin/../lib/gcc/arm-none-eabi/5.4.1/armv6-m\libcr_eabihelpers.a
END GROUP
                0x00008000                __top_MFlash32 = 0x8000
                0x10002000                __top_RamLoc8 = 0x10002000

.text           0x00000000      0xa28
 FILL mask 0xff
 *(.isr_vector)
 .isr_vector    0x00000000       0xc0 ./startup/cr_startup_lpc11.o
                0x00000000                g_pfnVectors
 *(.text.Reset_Handler .text.SystemInit)
 .text.SystemInit
                0x000000c0       0xb0 ./cmsis/system_LPC11xx.o
                0x000000c0                SystemInit
                0x000002fc                . = 0x2fc
 *fill*         0x00000170      0x18c ff
 *(.crp)
 *(.text*)
 .text.NMI_Handler
                0x000002fc        0x2 ./startup/cr_startup_lpc11.o
                0x000002fc                NMI_Handler
 .text.HardFault_Handler
                0x000002fe        0x2 ./startup/cr_startup_lpc11.o
                0x000002fe                HardFault_Handler
 .text.SVCall_Handler
                0x00000300        0x2 ./startup/cr_startup_lpc11.o
                0x00000300                SVCall_Handler
 .text.PendSV_Handler
                0x00000302        0x2 ./startup/cr_startup_lpc11.o
                0x00000302                PendSV_Handler
 .text.SysTick_Handler
                0x00000304        0x2 ./startup/cr_startup_lpc11.o
                0x00000304                SysTick_Handler
 .text.IntDefaultHandler
                0x00000306        0x2 ./startup/cr_startup_lpc11.o
                0x00000306                TIMER16_0_IRQHandler
                0x00000306                UART_IRQHandler
                0x00000306                TIMER32_1_IRQHandler
                0x00000306                IntDefaultHandler
                0x00000306                PIOINT1_IRQHandler
                0x00000306                CAN_IRQHandler
                0x00000306                SSP0_IRQHandler
                0x00000306                TIMER16_1_IRQHandler
                0x00000306                ADC_IRQHandler
                0x00000306                SSP1_IRQHandler
                0x00000306                PIOINT2_IRQHandler
                0x00000306                BOD_IRQHandler
                0x00000306                WAKEUP_IRQHandler
                0x00000306                PIOINT0_IRQHandler
                0x00000306                I2C_IRQHandler
                0x00000306                WDT_IRQHandler
 .text.ResetISR
                0x00000308       0x48 ./startup/cr_startup_lpc11.o
                0x00000308                ResetISR
 .text.startup.main
                0x00000350       0x1c ./src/main.o
                0x00000350                main
 .text.ADC_init
                0x0000036c       0x64 ./driver/ADC.o
                0x0000036c                ADC_init
 .text.ADCRead  0x000003d0       0x40 ./driver/ADC.o
                0x000003d0                ADCRead
 .text.Lights_init
                0x00000410       0x44 ./driver/Lights.o
                0x00000410                Lights_init
 .text.LightsOn
                0x00000454       0x2c ./driver/Lights.o
                0x00000454                LightsOn
 .text.LightsOff
                0x00000480       0x20 ./driver/Lights.o
                0x00000480                LightsOff
 .text.LightsGetStatus
                0x000004a0        0xc ./driver/Lights.o
                0x000004a0                LightsGetStatus
 .text.PWM_init
                0x000004ac       0x64 ./driver/PWM.o
                0x000004ac                PWM_init
 .text.PWM_stop
                0x00000510        0xc ./driver/PWM.o
                0x00000510                PWM_stop
 .text.TIMER32_0_IRQHandler
                0x0000051c       0x34 ./driver/PWM.o
                0x0000051c                TIMER32_0_IRQHandler
 .text.localInput_init
                0x00000550       0x6c ./driver/localInput.o
                0x00000550                localInput_init
 .text.PIOINT3_IRQHandler
                0x000005bc       0xa0 ./driver/localInput.o
                0x000005bc                PIOINT3_IRQHandler
 .text.SystemCoreClockUpdate
                0x0000065c       0xc0 ./cmsis/system_LPC11xx.o
                0x0000065c                SystemCoreClockUpdate
 .text.__weak_main
                0x0000071c        0x8 c:/nxp/lpcxpresso_8.2.2_650/lpcxpresso/tools/bin/../lib/gcc/arm-none-eabi/5.4.1/../../../../arm-none-eabi/lib/armv6-m\libcr_c.a(__weak__main.o)
                0x0000071c                __weak_main
                0x0000071c                __main
 .text.__aeabi_division_idivmod
                0x00000724       0x78 c:/nxp/lpcxpresso_8.2.2_650/lpcxpresso/tools/bin/../lib/gcc/arm-none-eabi/5.4.1/armv6-m\libcr_eabihelpers.a(division_32.o)
                0x00000724                __aeabi_idivmod
                0x00000724                __aeabi_idiv
                0x0000072a                __aeabi_uidivmod
                0x0000072a                __aeabi_uidiv
 .text.__aeabi_division_idiv0
                0x0000079c        0x2 c:/nxp/lpcxpresso_8.2.2_650/lpcxpresso/tools/bin/../lib/gcc/arm-none-eabi/5.4.1/armv6-m\libcr_eabihelpers.a(division_idiv0.o)
                0x0000079c                __aeabi_idiv0
 *fill*         0x0000079e        0x2 ff
 .text.__aeabi_dmul
                0x000007a0      0x17c c:/nxp/lpcxpresso_8.2.2_650/lpcxpresso/tools/bin/../lib/gcc/arm-none-eabi/5.4.1/armv6-m\libcr_eabihelpers.a(double.o)
                0x000007a0                __aeabi_dmul
 .text.__aeabi_d2uiz
                0x0000091c       0x34 c:/nxp/lpcxpresso_8.2.2_650/lpcxpresso/tools/bin/../lib/gcc/arm-none-eabi/5.4.1/armv6-m\libcr_eabihelpers.a(double.o)
                0x0000091c                __aeabi_d2uiz
 .text.__bhs_ui2d
                0x00000950       0x5e c:/nxp/lpcxpresso_8.2.2_650/lpcxpresso/tools/bin/../lib/gcc/arm-none-eabi/5.4.1/armv6-m\libcr_eabihelpers.a(double.o)
                0x00000950                __bhs_ui2d
 .text.__aeabi_ui2d
                0x000009ae        0xc c:/nxp/lpcxpresso_8.2.2_650/lpcxpresso/tools/bin/../lib/gcc/arm-none-eabi/5.4.1/armv6-m\libcr_eabihelpers.a(double.o)
                0x000009ae                __aeabi_ui2d
 .text.__aeabi_llong_lmul
                0x000009ba       0x2e c:/nxp/lpcxpresso_8.2.2_650/lpcxpresso/tools/bin/../lib/gcc/arm-none-eabi/5.4.1/armv6-m\libcr_eabihelpers.a(llong.o)
                0x000009ba                __aeabi_lmul
 *(.rodata*)
 .rodata.CSWTCH.8
                0x000009e8       0x40 ./cmsis/system_LPC11xx.o

.glue_7         0x00000a28        0x0
 .glue_7        0x00000a28        0x0 linker stubs

.glue_7t        0x00000a28        0x0
 .glue_7t       0x00000a28        0x0 linker stubs

.vfp11_veneer   0x00000a28        0x0
 .vfp11_veneer  0x00000a28        0x0 linker stubs

.v4_bx          0x00000a28        0x0
 .v4_bx         0x00000a28        0x0 linker stubs

.iplt           0x00000a28        0x0
 .iplt          0x00000a28        0x0 ./startup/cr_startup_lpc11.o

.rel.dyn        0x00000a28        0x0
 .rel.iplt      0x00000a28        0x0 ./startup/cr_startup_lpc11.o

.ARM.extab
 *(.ARM.extab* .gnu.linkonce.armextab.*)
                0x00000a28                __exidx_start = .

.ARM.exidx
 *(.ARM.exidx* .gnu.linkonce.armexidx.*)
                0x00000a28                __exidx_end = .
                0x00000a28                _etext = .

.data           0x10000000        0x4 load address 0x00000a28
                0x10000000                _data = .
 *(vtable)
 *(.data*)
 .data.SystemCoreClock
                0x10000000        0x4 ./cmsis/system_LPC11xx.o
                0x10000000                SystemCoreClock
                0x10000004                _edata = .

.igot.plt       0x10000004        0x0 load address 0x00000a2c
 .igot.plt      0x10000004        0x0 ./startup/cr_startup_lpc11.o

.bss            0x10000004       0x28 load address 0x00000a2c
                0x10000004                _bss = .
 *(.bss*)
 *(COMMON)
 COMMON         0x10000004       0x20 ./driver/ADC.o
                0x10000004                ADCValue
 COMMON         0x10000024        0x8 ./driver/Lights.o
                0x10000024                LightStatus
                0x10000028                LightLevel
                0x1000002c                _ebss = .

.cr_heap        0x1000002c        0x0 load address 0x00000a2c
                0x1000002c                end = .
                0x1000002c                _pvHeapStart = .
                0x10002000                _vRamTop = __top_RamLoc8
                0x10002000                _vStackTop = _vRamTop
OUTPUT(TVlight.axf elf32-littlearm)

.debug_info     0x00000000     0x2cf5
 .debug_info    0x00000000      0x1b1 ./startup/cr_startup_lpc11.o
 .debug_info    0x000001b1      0x254 ./src/main.o
 .debug_info    0x00000405      0x784 ./driver/ADC.o
 .debug_info    0x00000b89      0x5c7 ./driver/Lights.o
 .debug_info    0x00001150      0xb0c ./driver/PWM.o
 .debug_info    0x00001c5c      0xbb2 ./driver/localInput.o
 .debug_info    0x0000280e      0x4e7 ./cmsis/system_LPC11xx.o

.debug_abbrev   0x00000000      0xa6b
 .debug_abbrev  0x00000000       0xe5 ./startup/cr_startup_lpc11.o
 .debug_abbrev  0x000000e5      0x140 ./src/main.o
 .debug_abbrev  0x00000225      0x14d ./driver/ADC.o
 .debug_abbrev  0x00000372      0x1c3 ./driver/Lights.o
 .debug_abbrev  0x00000535      0x1d5 ./driver/PWM.o
 .debug_abbrev  0x0000070a      0x216 ./driver/localInput.o
 .debug_abbrev  0x00000920      0x14b ./cmsis/system_LPC11xx.o

.debug_loc      0x00000000      0x196
 .debug_loc     0x00000000       0x13 ./startup/cr_startup_lpc11.o
 .debug_loc     0x00000013       0x60 ./driver/ADC.o
 .debug_loc     0x00000073       0x4f ./driver/PWM.o
 .debug_loc     0x000000c2       0x50 ./driver/localInput.o
 .debug_loc     0x00000112       0x84 ./cmsis/system_LPC11xx.o

.debug_aranges  0x00000000      0x158
 .debug_aranges
                0x00000000       0x50 ./startup/cr_startup_lpc11.o
 .debug_aranges
                0x00000050       0x20 ./src/main.o
 .debug_aranges
                0x00000070       0x28 ./driver/ADC.o
 .debug_aranges
                0x00000098       0x38 ./driver/Lights.o
 .debug_aranges
                0x000000d0       0x38 ./driver/PWM.o
 .debug_aranges
                0x00000108       0x28 ./driver/localInput.o
 .debug_aranges
                0x00000130       0x28 ./cmsis/system_LPC11xx.o

.debug_ranges   0x00000000      0x150
 .debug_ranges  0x00000000       0x40 ./startup/cr_startup_lpc11.o
 .debug_ranges  0x00000040       0x10 ./src/main.o
 .debug_ranges  0x00000050       0x18 ./driver/ADC.o
 .debug_ranges  0x00000068       0x28 ./driver/Lights.o
 .debug_ranges  0x00000090       0x58 ./driver/PWM.o
 .debug_ranges  0x000000e8       0x50 ./driver/localInput.o
 .debug_ranges  0x00000138       0x18 ./cmsis/system_LPC11xx.o

.debug_macro    0x00000000     0x1eef
 .debug_macro   0x00000000       0x57 ./startup/cr_startup_lpc11.o
 .debug_macro   0x00000057      0x844 ./startup/cr_startup_lpc11.o
 .debug_macro   0x0000089b       0x10 ./startup/cr_startup_lpc11.o
 .debug_macro   0x000008ab      0x12d ./startup/cr_startup_lpc11.o
 .debug_macro   0x000009d8      0x5b2 ./startup/cr_startup_lpc11.o
 .debug_macro   0x00000f8a       0x87 ./startup/cr_startup_lpc11.o
 .debug_macro   0x00001011       0xc1 ./src/main.o
 .debug_macro   0x000010d2       0x1c ./src/main.o
 .debug_macro   0x000010ee       0x22 ./src/main.o
 .debug_macro   0x00001110      0x37a ./src/main.o
 .debug_macro   0x0000148a       0x8d ./src/main.o
 .debug_macro   0x00001517      0x123 ./src/main.o
 .debug_macro   0x0000163a       0x34 ./src/main.o
 .debug_macro   0x0000166e       0x2e ./src/main.o
 .debug_macro   0x0000169c       0xa0 ./src/main.o
 .debug_macro   0x0000173c       0x3a ./src/main.o
 .debug_macro   0x00001776       0x2e ./src/main.o
 .debug_macro   0x000017a4       0x22 ./src/main.o
 .debug_macro   0x000017c6       0x88 ./driver/ADC.o
 .debug_macro   0x0000184e       0x9c ./driver/Lights.o
 .debug_macro   0x000018ea       0x92 ./driver/PWM.o
 .debug_macro   0x0000197c       0xa5 ./driver/localInput.o
 .debug_macro   0x00001a21       0xa9 ./cmsis/system_LPC11xx.o
 .debug_macro   0x00001aca      0x398 ./cmsis/system_LPC11xx.o
 .debug_macro   0x00001e62       0x8d ./cmsis/system_LPC11xx.o

.debug_line     0x00000000      0xd92
 .debug_line    0x00000000      0x1d0 ./startup/cr_startup_lpc11.o
 .debug_line    0x000001d0      0x1f5 ./src/main.o
 .debug_line    0x000003c5      0x1cd ./driver/ADC.o
 .debug_line    0x00000592      0x206 ./driver/Lights.o
 .debug_line    0x00000798      0x214 ./driver/PWM.o
 .debug_line    0x000009ac      0x236 ./driver/localInput.o
 .debug_line    0x00000be2      0x1b0 ./cmsis/system_LPC11xx.o

.debug_str      0x00000000     0x694d
 .debug_str     0x00000000     0x3d57 ./startup/cr_startup_lpc11.o
                               0x3de2 (size before relaxing)
 .debug_str     0x00003d57     0x21a8 ./src/main.o
                               0x5e75 (size before relaxing)
 .debug_str     0x00005eff      0x46c ./driver/ADC.o
                               0x5f94 (size before relaxing)
 .debug_str     0x0000636b       0x76 ./driver/Lights.o
                               0x5d5c (size before relaxing)
 .debug_str     0x000063e1      0x287 ./driver/PWM.o
                               0x61e4 (size before relaxing)
 .debug_str     0x00006668       0x2a ./driver/localInput.o
                               0x6246 (size before relaxing)
 .debug_str     0x00006692      0x2bb ./cmsis/system_LPC11xx.o
                               0x5e3f (size before relaxing)

.comment        0x00000000       0xdc
 .comment       0x00000000       0x6e ./startup/cr_startup_lpc11.o
                                 0x6f (size before relaxing)
 .comment       0x0000006e       0x6f ./src/main.o
 .comment       0x0000006e       0x6f ./driver/ADC.o
 .comment       0x0000006e       0x6f ./driver/Lights.o
 .comment       0x0000006e       0x6f ./driver/PWM.o
 .comment       0x0000006e       0x6f ./driver/localInput.o
 .comment       0x0000006e       0x6f ./cmsis/system_LPC11xx.o
 .comment       0x0000006e       0x6e c:/nxp/lpcxpresso_8.2.2_650/lpcxpresso/tools/bin/../lib/gcc/arm-none-eabi/5.4.1/../../../../arm-none-eabi/lib/armv6-m\libcr_c.a(__weak__main.o)
                                 0x6f (size before relaxing)
 .comment       0x000000dc       0x6f c:/nxp/lpcxpresso_8.2.2_650/lpcxpresso/tools/bin/../lib/gcc/arm-none-eabi/5.4.1/armv6-m\libcr_eabihelpers.a(double.o)

.ARM.attributes
                0x00000000       0x2f
 .ARM.attributes
                0x00000000       0x31 ./startup/cr_startup_lpc11.o
 .ARM.attributes
                0x00000031       0x31 ./src/main.o
 .ARM.attributes
                0x00000062       0x31 ./driver/ADC.o
 .ARM.attributes
                0x00000093       0x31 ./driver/Lights.o
 .ARM.attributes
                0x000000c4       0x31 ./driver/PWM.o
 .ARM.attributes
                0x000000f5       0x31 ./driver/localInput.o
 .ARM.attributes
                0x00000126       0x31 ./cmsis/system_LPC11xx.o
 .ARM.attributes
                0x00000157       0x31 c:/nxp/lpcxpresso_8.2.2_650/lpcxpresso/tools/bin/../lib/gcc/arm-none-eabi/5.4.1/../../../../arm-none-eabi/lib/armv6-m\libcr_c.a(__weak__main.o)
 .ARM.attributes
                0x00000188       0x21 c:/nxp/lpcxpresso_8.2.2_650/lpcxpresso/tools/bin/../lib/gcc/arm-none-eabi/5.4.1/armv6-m\libcr_eabihelpers.a(division_32.o)
 .ARM.attributes
                0x000001a9       0x21 c:/nxp/lpcxpresso_8.2.2_650/lpcxpresso/tools/bin/../lib/gcc/arm-none-eabi/5.4.1/armv6-m\libcr_eabihelpers.a(division_idiv0.o)
 .ARM.attributes
                0x000001ca       0x31 c:/nxp/lpcxpresso_8.2.2_650/lpcxpresso/tools/bin/../lib/gcc/arm-none-eabi/5.4.1/armv6-m\libcr_eabihelpers.a(double.o)
 .ARM.attributes
                0x000001fb       0x21 c:/nxp/lpcxpresso_8.2.2_650/lpcxpresso/tools/bin/../lib/gcc/arm-none-eabi/5.4.1/armv6-m\libcr_eabihelpers.a(llong.o)

.debug_frame    0x00000000      0x234
 .debug_frame   0x00000000       0x8c ./startup/cr_startup_lpc11.o
 .debug_frame   0x0000008c       0x28 ./src/main.o
 .debug_frame   0x000000b4       0x38 ./driver/ADC.o
 .debug_frame   0x000000ec       0x60 ./driver/Lights.o
 .debug_frame   0x0000014c       0x58 ./driver/PWM.o
 .debug_frame   0x000001a4       0x4c ./driver/localInput.o
 .debug_frame   0x000001f0       0x44 ./cmsis/system_LPC11xx.o
